
Merging program properties


As-needed library included to satisfy reference by file (symbol)

libc.so.6                     src/main.o (malloc@@GLIBC_2.2.5)

Discarded input sections

 .note.GNU-stack
                0x0000000000000000        0x0 /usr/lib/gcc/x86_64-linux-gnu/11/../../../x86_64-linux-gnu/Scrt1.o
 .note.gnu.property
                0x0000000000000000       0x20 /usr/lib/gcc/x86_64-linux-gnu/11/../../../x86_64-linux-gnu/crti.o
 .note.GNU-stack
                0x0000000000000000        0x0 /usr/lib/gcc/x86_64-linux-gnu/11/../../../x86_64-linux-gnu/crti.o
 .note.GNU-stack
                0x0000000000000000        0x0 /usr/lib/gcc/x86_64-linux-gnu/11/crtbeginS.o
 .note.gnu.property
                0x0000000000000000       0x20 /usr/lib/gcc/x86_64-linux-gnu/11/crtbeginS.o
 .note.GNU-stack
                0x0000000000000000        0x0 src/main.o
 .note.gnu.property
                0x0000000000000000       0x20 src/main.o
 .note.GNU-stack
                0x0000000000000000        0x0 src/scanner.o
 .note.gnu.property
                0x0000000000000000       0x20 src/scanner.o
 .note.GNU-stack
                0x0000000000000000        0x0 src/token.o
 .note.gnu.property
                0x0000000000000000       0x20 src/token.o
 .note.GNU-stack
                0x0000000000000000        0x0 src/lexer.o
 .note.gnu.property
                0x0000000000000000       0x20 src/lexer.o
 .note.GNU-stack
                0x0000000000000000        0x0 src/parser.o
 .note.gnu.property
                0x0000000000000000       0x20 src/parser.o
 .note.GNU-stack
                0x0000000000000000        0x0 /usr/lib/gcc/x86_64-linux-gnu/11/crtendS.o
 .note.gnu.property
                0x0000000000000000       0x20 /usr/lib/gcc/x86_64-linux-gnu/11/crtendS.o
 .note.gnu.property
                0x0000000000000000       0x20 /usr/lib/gcc/x86_64-linux-gnu/11/../../../x86_64-linux-gnu/crtn.o
 .note.GNU-stack
                0x0000000000000000        0x0 /usr/lib/gcc/x86_64-linux-gnu/11/../../../x86_64-linux-gnu/crtn.o

Memory Configuration

Name             Origin             Length             Attributes
*default*        0x0000000000000000 0xffffffffffffffff

Linker script and memory map

LOAD /usr/lib/gcc/x86_64-linux-gnu/11/../../../x86_64-linux-gnu/Scrt1.o
LOAD /usr/lib/gcc/x86_64-linux-gnu/11/../../../x86_64-linux-gnu/crti.o
LOAD /usr/lib/gcc/x86_64-linux-gnu/11/crtbeginS.o
LOAD src/main.o
LOAD src/scanner.o
LOAD src/token.o
LOAD src/lexer.o
LOAD src/parser.o
LOAD /usr/lib/gcc/x86_64-linux-gnu/11/libgcc.a
LOAD /usr/lib/gcc/x86_64-linux-gnu/11/libgcc_s.so
START GROUP
LOAD /usr/lib/gcc/x86_64-linux-gnu/11/../../../x86_64-linux-gnu/libgcc_s.so.1
LOAD /usr/lib/gcc/x86_64-linux-gnu/11/libgcc.a
END GROUP
LOAD /usr/lib/gcc/x86_64-linux-gnu/11/../../../x86_64-linux-gnu/libc.so
START GROUP
LOAD /lib/x86_64-linux-gnu/libc.so.6
LOAD /usr/lib/x86_64-linux-gnu/libc_nonshared.a
LOAD /lib64/ld-linux-x86-64.so.2
END GROUP
LOAD /usr/lib/gcc/x86_64-linux-gnu/11/libgcc.a
LOAD /usr/lib/gcc/x86_64-linux-gnu/11/libgcc_s.so
START GROUP
LOAD /usr/lib/gcc/x86_64-linux-gnu/11/../../../x86_64-linux-gnu/libgcc_s.so.1
LOAD /usr/lib/gcc/x86_64-linux-gnu/11/libgcc.a
END GROUP
LOAD /usr/lib/gcc/x86_64-linux-gnu/11/crtendS.o
LOAD /usr/lib/gcc/x86_64-linux-gnu/11/../../../x86_64-linux-gnu/crtn.o
                [!provide]                        PROVIDE (__executable_start = SEGMENT_START ("text-segment", 0x0))
                0x0000000000000318                . = (SEGMENT_START ("text-segment", 0x0) + SIZEOF_HEADERS)

.interp         0x0000000000000318       0x1c
 *(.interp)
 .interp        0x0000000000000318       0x1c /usr/lib/gcc/x86_64-linux-gnu/11/../../../x86_64-linux-gnu/Scrt1.o

.note.gnu.property
                0x0000000000000338       0x30
 .note.gnu.property
                0x0000000000000338       0x30 /usr/lib/gcc/x86_64-linux-gnu/11/../../../x86_64-linux-gnu/Scrt1.o

.note.gnu.build-id
                0x0000000000000368       0x24
 *(.note.gnu.build-id)
 .note.gnu.build-id
                0x0000000000000368       0x24 /usr/lib/gcc/x86_64-linux-gnu/11/../../../x86_64-linux-gnu/Scrt1.o

.note.ABI-tag   0x000000000000038c       0x20
 .note.ABI-tag  0x000000000000038c       0x20 /usr/lib/gcc/x86_64-linux-gnu/11/../../../x86_64-linux-gnu/Scrt1.o

.hash
 *(.hash)

.gnu.hash       0x00000000000003b0       0x24
 *(.gnu.hash)
 .gnu.hash      0x00000000000003b0       0x24 /usr/lib/gcc/x86_64-linux-gnu/11/../../../x86_64-linux-gnu/Scrt1.o

.dynsym         0x00000000000003d8      0x2b8
 *(.dynsym)
 .dynsym        0x00000000000003d8      0x2b8 /usr/lib/gcc/x86_64-linux-gnu/11/../../../x86_64-linux-gnu/Scrt1.o

.dynstr         0x0000000000000690      0x158
 *(.dynstr)
 .dynstr        0x0000000000000690      0x158 /usr/lib/gcc/x86_64-linux-gnu/11/../../../x86_64-linux-gnu/Scrt1.o

.gnu.version    0x00000000000007e8       0x3a
 *(.gnu.version)
 .gnu.version   0x00000000000007e8       0x3a /usr/lib/gcc/x86_64-linux-gnu/11/../../../x86_64-linux-gnu/Scrt1.o

.gnu.version_d  0x0000000000000828        0x0
 *(.gnu.version_d)
 .gnu.version_d
                0x0000000000000828        0x0 /usr/lib/gcc/x86_64-linux-gnu/11/../../../x86_64-linux-gnu/Scrt1.o

.gnu.version_r  0x0000000000000828       0x60
 *(.gnu.version_r)
 .gnu.version_r
                0x0000000000000828       0x60 /usr/lib/gcc/x86_64-linux-gnu/11/../../../x86_64-linux-gnu/Scrt1.o

.rela.dyn       0x0000000000000888      0x360
 *(.rela.init)
 *(.rela.text .rela.text.* .rela.gnu.linkonce.t.*)
 *(.rela.fini)
 *(.rela.rodata .rela.rodata.* .rela.gnu.linkonce.r.*)
 *(.rela.data .rela.data.* .rela.gnu.linkonce.d.*)
 .rela.data.rel.ro
                0x0000000000000888        0x0 /usr/lib/gcc/x86_64-linux-gnu/11/../../../x86_64-linux-gnu/Scrt1.o
 .rela.data.rel.local
                0x0000000000000888      0x2b8 /usr/lib/gcc/x86_64-linux-gnu/11/../../../x86_64-linux-gnu/Scrt1.o
 *(.rela.tdata .rela.tdata.* .rela.gnu.linkonce.td.*)
 *(.rela.tbss .rela.tbss.* .rela.gnu.linkonce.tb.*)
 *(.rela.ctors)
 *(.rela.dtors)
 *(.rela.got)
 .rela.got      0x0000000000000b40       0x78 /usr/lib/gcc/x86_64-linux-gnu/11/../../../x86_64-linux-gnu/Scrt1.o
 *(.rela.bss .rela.bss.* .rela.gnu.linkonce.b.*)
 .rela.bss      0x0000000000000bb8        0x0 /usr/lib/gcc/x86_64-linux-gnu/11/../../../x86_64-linux-gnu/Scrt1.o
 *(.rela.ldata .rela.ldata.* .rela.gnu.linkonce.l.*)
 *(.rela.lbss .rela.lbss.* .rela.gnu.linkonce.lb.*)
 *(.rela.lrodata .rela.lrodata.* .rela.gnu.linkonce.lr.*)
 *(.rela.ifunc)
 .rela.ifunc    0x0000000000000bb8        0x0 /usr/lib/gcc/x86_64-linux-gnu/11/../../../x86_64-linux-gnu/Scrt1.o
 .rela.fini_array
                0x0000000000000bb8       0x18 /usr/lib/gcc/x86_64-linux-gnu/11/../../../x86_64-linux-gnu/Scrt1.o
 .rela.init_array
                0x0000000000000bd0       0x18 /usr/lib/gcc/x86_64-linux-gnu/11/../../../x86_64-linux-gnu/Scrt1.o

.rela.plt       0x0000000000000be8      0x228
 *(.rela.plt)
 .rela.plt      0x0000000000000be8      0x228 /usr/lib/gcc/x86_64-linux-gnu/11/../../../x86_64-linux-gnu/Scrt1.o
 *(.rela.iplt)

.relr.dyn
 *(.relr.dyn)
                0x0000000000001000                . = ALIGN (CONSTANT (MAXPAGESIZE))

.init           0x0000000000001000       0x1b
 *(SORT_NONE(.init))
 .init          0x0000000000001000       0x16 /usr/lib/gcc/x86_64-linux-gnu/11/../../../x86_64-linux-gnu/crti.o
                0x0000000000001000                _init
 .init          0x0000000000001016        0x5 /usr/lib/gcc/x86_64-linux-gnu/11/../../../x86_64-linux-gnu/crtn.o

.plt            0x0000000000001020      0x180
 *(.plt)
 .plt           0x0000000000001020      0x180 /usr/lib/gcc/x86_64-linux-gnu/11/../../../x86_64-linux-gnu/Scrt1.o
 *(.iplt)

.plt.got        0x00000000000011a0       0x10
 *(.plt.got)
 .plt.got       0x00000000000011a0       0x10 /usr/lib/gcc/x86_64-linux-gnu/11/../../../x86_64-linux-gnu/Scrt1.o
                0x00000000000011a0                __cxa_finalize@@GLIBC_2.2.5

.plt.sec        0x00000000000011b0      0x170
 *(.plt.sec)
 .plt.sec       0x00000000000011b0      0x170 /usr/lib/gcc/x86_64-linux-gnu/11/../../../x86_64-linux-gnu/Scrt1.o
                0x00000000000011b0                free@@GLIBC_2.2.5
                0x00000000000011c0                putchar@@GLIBC_2.2.5
                0x00000000000011d0                strcpy@@GLIBC_2.2.5
                0x00000000000011e0                puts@@GLIBC_2.2.5
                0x00000000000011f0                fread@@GLIBC_2.2.5
                0x0000000000001200                fclose@@GLIBC_2.2.5
                0x0000000000001210                opendir@@GLIBC_2.2.5
                0x0000000000001220                strlen@@GLIBC_2.2.5
                0x0000000000001230                __stack_chk_fail@@GLIBC_2.4
                0x0000000000001240                printf@@GLIBC_2.2.5
                0x0000000000001250                strrchr@@GLIBC_2.2.5
                0x0000000000001260                __assert_fail@@GLIBC_2.2.5
                0x0000000000001270                strcmp@@GLIBC_2.2.5
                0x0000000000001280                ftell@@GLIBC_2.2.5
                0x0000000000001290                stat@@GLIBC_2.33
                0x00000000000012a0                readdir@@GLIBC_2.2.5
                0x00000000000012b0                malloc@@GLIBC_2.2.5
                0x00000000000012c0                fseek@@GLIBC_2.2.5
                0x00000000000012d0                fopen@@GLIBC_2.2.5
                0x00000000000012e0                strcat@@GLIBC_2.2.5
                0x00000000000012f0                exit@@GLIBC_2.2.5
                0x0000000000001300                strstr@@GLIBC_2.2.5
                0x0000000000001310                __ctype_b_loc@@GLIBC_2.3

.text           0x0000000000001320     0x1b28
 *(.text.unlikely .text.*_unlikely .text.unlikely.*)
 *(.text.exit .text.exit.*)
 *(.text.startup .text.startup.*)
 *(.text.hot .text.hot.*)
 *(SORT_BY_NAME(.text.sorted.*))
 *(.text .stub .text.* .gnu.linkonce.t.*)
 .text          0x0000000000001320       0x26 /usr/lib/gcc/x86_64-linux-gnu/11/../../../x86_64-linux-gnu/Scrt1.o
                0x0000000000001320                _start
 .text          0x0000000000001346        0x0 /usr/lib/gcc/x86_64-linux-gnu/11/../../../x86_64-linux-gnu/crti.o
 *fill*         0x0000000000001346        0xa 
 .text          0x0000000000001350       0xb9 /usr/lib/gcc/x86_64-linux-gnu/11/crtbeginS.o
 .text          0x0000000000001409      0x57f src/main.o
                0x0000000000001409                main
                0x0000000000001635                generate_output_filename
                0x000000000000182f                is_directory
                0x00000000000018ae                generate_input_filename
 .text          0x0000000000001988      0x2ea src/scanner.o
                0x0000000000001988                scanner_create
                0x0000000000001ae9                scanner_get_next
                0x0000000000001b0e                scanner_at_end
                0x0000000000001b59                scanner_print
                0x0000000000001bb9                scanner_destroy
                0x0000000000001bef                scanner_position
                0x0000000000001c12                scanner_peek_next
                0x0000000000001c2b                scanner_reset
                0x0000000000001c49                scanner_set_position
 .text          0x0000000000001c72      0x276 src/token.o
                0x0000000000001c72                token_create
                0x0000000000001ce8                token_destroy
                0x0000000000001d1e                token_map_type_to_text
                0x0000000000001d94                token_map_text_to_type
                0x0000000000001df6                token_print
 .text          0x0000000000001ee8      0x734 src/lexer.o
                0x0000000000001ee8                lexer_create
                0x0000000000001f17                lexer_destroy
                0x0000000000001f36                lexer_ignore_whitespace
                0x0000000000001f94                lexer_ignore_comment
                0x00000000000020d5                is_symbol
                0x0000000000002125                is_keyword
                0x000000000000218f                lexer_read
                0x0000000000002561                lexer_peek
                0x00000000000025ad                lexer_print
                0x00000000000025cf                lexer_is_whitespace_or_comment
 .text          0x000000000000261c      0x82c src/parser.o
                0x000000000000261c                parser_create
                0x000000000000265a                parser_destroy
                0x0000000000002681                parser_print
                0x0000000000002690                parser_raiseError
                0x00000000000026d4                parser_parseTerm
                0x00000000000026e3                parser_parseType
                0x000000000000278b                parser_classVarDec
                0x00000000000028cf                parser_parameterList
                0x0000000000002958                parser_subroutineDec
                0x0000000000002b3a                parser_parseClass
                0x0000000000002d60                parser_parse
 .text          0x0000000000002e48        0x0 /usr/lib/gcc/x86_64-linux-gnu/11/crtendS.o
 .text          0x0000000000002e48        0x0 /usr/lib/gcc/x86_64-linux-gnu/11/../../../x86_64-linux-gnu/crtn.o
 *(.gnu.warning)

.fini           0x0000000000002e48        0xd
 *(SORT_NONE(.fini))
 .fini          0x0000000000002e48        0x8 /usr/lib/gcc/x86_64-linux-gnu/11/../../../x86_64-linux-gnu/crti.o
                0x0000000000002e48                _fini
 .fini          0x0000000000002e50        0x5 /usr/lib/gcc/x86_64-linux-gnu/11/../../../x86_64-linux-gnu/crtn.o
                [!provide]                        PROVIDE (__etext = .)
                [!provide]                        PROVIDE (_etext = .)
                [!provide]                        PROVIDE (etext = .)
                0x0000000000003000                . = ALIGN (CONSTANT (MAXPAGESIZE))
                0x0000000000003000                . = SEGMENT_START ("rodata-segment", (ALIGN (CONSTANT (MAXPAGESIZE)) + (. & (CONSTANT (MAXPAGESIZE) - 0x1))))

.rodata         0x0000000000003000      0x22d
 *(.rodata .rodata.* .gnu.linkonce.r.*)
 .rodata.cst4   0x0000000000003000        0x4 /usr/lib/gcc/x86_64-linux-gnu/11/../../../x86_64-linux-gnu/Scrt1.o
                0x0000000000003000                _IO_stdin_used
 .rodata        0x0000000000003004       0x28 src/main.o
 *fill*         0x000000000000302c        0x4 
 .rodata        0x0000000000003030       0x2e src/scanner.o
 *fill*         0x000000000000305e        0x2 
 .rodata        0x0000000000003060       0xd0 src/token.o
 .rodata        0x0000000000003130       0x86 src/lexer.o
                0x00000000000031aa                keyword_cnt
 .rodata        0x00000000000031b6       0x77 src/parser.o

.rodata1
 *(.rodata1)

.eh_frame_hdr   0x0000000000003230      0x164
 *(.eh_frame_hdr)
 .eh_frame_hdr  0x0000000000003230      0x164 /usr/lib/gcc/x86_64-linux-gnu/11/../../../x86_64-linux-gnu/Scrt1.o
                0x0000000000003230                __GNU_EH_FRAME_HDR
 *(.eh_frame_entry .eh_frame_entry.*)

.eh_frame       0x0000000000003398      0x570
 *(.eh_frame)
 .eh_frame      0x0000000000003398       0x30 /usr/lib/gcc/x86_64-linux-gnu/11/../../../x86_64-linux-gnu/Scrt1.o
                                         0x2c (size before relaxing)
 *fill*         0x00000000000033c8        0x0 
 .eh_frame      0x00000000000033c8       0x28 /usr/lib/gcc/x86_64-linux-gnu/11/../../../x86_64-linux-gnu/Scrt1.o
                                         0x40 (size before relaxing)
 .eh_frame      0x00000000000033f0       0x18 /usr/lib/gcc/x86_64-linux-gnu/11/../../../x86_64-linux-gnu/Scrt1.o
                                         0x30 (size before relaxing)
 .eh_frame      0x0000000000003408       0x18 /usr/lib/gcc/x86_64-linux-gnu/11/../../../x86_64-linux-gnu/Scrt1.o
                                         0x30 (size before relaxing)
 .eh_frame      0x0000000000003420       0x88 src/main.o
                                         0xa0 (size before relaxing)
 .eh_frame      0x00000000000034a8      0x120 src/scanner.o
                                        0x138 (size before relaxing)
 .eh_frame      0x00000000000035c8       0xa0 src/token.o
                                         0xb8 (size before relaxing)
 .eh_frame      0x0000000000003668      0x140 src/lexer.o
                                        0x158 (size before relaxing)
 .eh_frame      0x00000000000037a8      0x15c src/parser.o
                                        0x178 (size before relaxing)
 .eh_frame      0x0000000000003904        0x4 /usr/lib/gcc/x86_64-linux-gnu/11/crtendS.o
 *(.eh_frame.*)

.gcc_except_table
 *(.gcc_except_table .gcc_except_table.*)

.gnu_extab
 *(.gnu_extab*)

.exception_ranges
 *(.exception_ranges*)
                0x0000000000004d08                . = DATA_SEGMENT_ALIGN (CONSTANT (MAXPAGESIZE), CONSTANT (COMMONPAGESIZE))

.eh_frame
 *(.eh_frame)
 *(.eh_frame.*)

.gnu_extab
 *(.gnu_extab)

.gcc_except_table
 *(.gcc_except_table .gcc_except_table.*)

.exception_ranges
 *(.exception_ranges*)

.tdata          0x0000000000004d08        0x0
                [!provide]                        PROVIDE (__tdata_start = .)
 *(.tdata .tdata.* .gnu.linkonce.td.*)

.tbss
 *(.tbss .tbss.* .gnu.linkonce.tb.*)
 *(.tcommon)

.preinit_array  0x0000000000004d08        0x0
                [!provide]                        PROVIDE (__preinit_array_start = .)
 *(.preinit_array)
                [!provide]                        PROVIDE (__preinit_array_end = .)

.init_array     0x0000000000004d08        0x8
                [!provide]                        PROVIDE (__init_array_start = .)
 *(SORT_BY_INIT_PRIORITY(.init_array.*) SORT_BY_INIT_PRIORITY(.ctors.*))
 *(.init_array EXCLUDE_FILE(*crtend?.o *crtend.o *crtbegin?.o *crtbegin.o) .ctors)
 .init_array    0x0000000000004d08        0x8 /usr/lib/gcc/x86_64-linux-gnu/11/crtbeginS.o
                [!provide]                        PROVIDE (__init_array_end = .)

.fini_array     0x0000000000004d10        0x8
                [!provide]                        PROVIDE (__fini_array_start = .)
 *(SORT_BY_INIT_PRIORITY(.fini_array.*) SORT_BY_INIT_PRIORITY(.dtors.*))
 *(.fini_array EXCLUDE_FILE(*crtend?.o *crtend.o *crtbegin?.o *crtbegin.o) .dtors)
 .fini_array    0x0000000000004d10        0x8 /usr/lib/gcc/x86_64-linux-gnu/11/crtbeginS.o
                [!provide]                        PROVIDE (__fini_array_end = .)

.ctors
 *crtbegin.o(.ctors)
 *crtbegin?.o(.ctors)
 *(EXCLUDE_FILE(*crtend?.o *crtend.o) .ctors)
 *(SORT_BY_NAME(.ctors.*))
 *(.ctors)

.dtors
 *crtbegin.o(.dtors)
 *crtbegin?.o(.dtors)
 *(EXCLUDE_FILE(*crtend?.o *crtend.o) .dtors)
 *(SORT_BY_NAME(.dtors.*))
 *(.dtors)

.jcr
 *(.jcr)

.data.rel.ro    0x0000000000004d18        0x0
 *(.data.rel.ro.local* .gnu.linkonce.d.rel.ro.local.*)
 *(.data.rel.ro .data.rel.ro.* .gnu.linkonce.d.rel.ro.*)
 .data.rel.ro   0x0000000000004d18        0x0 /usr/lib/gcc/x86_64-linux-gnu/11/../../../x86_64-linux-gnu/Scrt1.o

.dynamic        0x0000000000004d18      0x1f0
 *(.dynamic)
 .dynamic       0x0000000000004d18      0x1f0 /usr/lib/gcc/x86_64-linux-gnu/11/../../../x86_64-linux-gnu/Scrt1.o
                0x0000000000004d18                _DYNAMIC

.got            0x0000000000004f08       0xf8
 *(.got.plt)
 .got.plt       0x0000000000004f08       0xd0 /usr/lib/gcc/x86_64-linux-gnu/11/../../../x86_64-linux-gnu/Scrt1.o
                0x0000000000004f08                _GLOBAL_OFFSET_TABLE_
 *(.igot.plt)
 *(.got)
 .got           0x0000000000004fd8       0x28 /usr/lib/gcc/x86_64-linux-gnu/11/../../../x86_64-linux-gnu/Scrt1.o
 *(.igot)
                0x0000000000005000                . = DATA_SEGMENT_RELRO_END (., 0x0)

.data           0x0000000000005000      0x128
 *(.data .data.* .gnu.linkonce.d.*)
 .data          0x0000000000005000        0x4 /usr/lib/gcc/x86_64-linux-gnu/11/../../../x86_64-linux-gnu/Scrt1.o
                0x0000000000005000                data_start
                0x0000000000005000                __data_start
 .data          0x0000000000005004        0x0 /usr/lib/gcc/x86_64-linux-gnu/11/../../../x86_64-linux-gnu/crti.o
 .data          0x0000000000005004        0x0 /usr/lib/gcc/x86_64-linux-gnu/11/crtbeginS.o
 *fill*         0x0000000000005004        0x4 
 .data.rel.local
                0x0000000000005008        0x8 /usr/lib/gcc/x86_64-linux-gnu/11/crtbeginS.o
                0x0000000000005008                __dso_handle
 .data          0x0000000000005010        0x0 src/main.o
 .data          0x0000000000005010        0x0 src/scanner.o
 .data          0x0000000000005010        0x4 src/token.o
                0x0000000000005010                token_type_map_size
 *fill*         0x0000000000005014        0xc 
 .data.rel.local
                0x0000000000005020       0x38 src/token.o
                0x0000000000005020                token_type_map
 *fill*         0x0000000000005058        0x8 
 .data          0x0000000000005060       0x13 src/lexer.o
                0x0000000000005060                symbols
 *fill*         0x0000000000005073        0xd 
 .data.rel.local
                0x0000000000005080       0xa8 src/lexer.o
                0x0000000000005080                keywords
 .data          0x0000000000005128        0x0 src/parser.o
 .data          0x0000000000005128        0x0 /usr/lib/gcc/x86_64-linux-gnu/11/crtendS.o
 .data          0x0000000000005128        0x0 /usr/lib/gcc/x86_64-linux-gnu/11/../../../x86_64-linux-gnu/crtn.o

.tm_clone_table
                0x0000000000005128        0x0
 .tm_clone_table
                0x0000000000005128        0x0 /usr/lib/gcc/x86_64-linux-gnu/11/crtbeginS.o
 .tm_clone_table
                0x0000000000005128        0x0 /usr/lib/gcc/x86_64-linux-gnu/11/crtendS.o

.data1
 *(.data1)
                0x0000000000005128                _edata = .
                [!provide]                        PROVIDE (edata = .)
                0x0000000000005128                . = .
                0x0000000000005128                __bss_start = .

.bss            0x0000000000005128        0x8
 *(.dynbss)
 .dynbss        0x0000000000005128        0x0 /usr/lib/gcc/x86_64-linux-gnu/11/../../../x86_64-linux-gnu/Scrt1.o
 *(.bss .bss.* .gnu.linkonce.b.*)
 .bss           0x0000000000005128        0x0 /usr/lib/gcc/x86_64-linux-gnu/11/../../../x86_64-linux-gnu/Scrt1.o
 .bss           0x0000000000005128        0x0 /usr/lib/gcc/x86_64-linux-gnu/11/../../../x86_64-linux-gnu/crti.o
 .bss           0x0000000000005128        0x1 /usr/lib/gcc/x86_64-linux-gnu/11/crtbeginS.o
 .bss           0x0000000000005129        0x0 src/main.o
 .bss           0x0000000000005129        0x0 src/scanner.o
 .bss           0x0000000000005129        0x0 src/token.o
 .bss           0x0000000000005129        0x0 src/lexer.o
 .bss           0x0000000000005129        0x0 src/parser.o
 .bss           0x0000000000005129        0x0 /usr/lib/gcc/x86_64-linux-gnu/11/crtendS.o
 .bss           0x0000000000005129        0x0 /usr/lib/gcc/x86_64-linux-gnu/11/../../../x86_64-linux-gnu/crtn.o
 *(COMMON)
                0x0000000000005130                . = ALIGN ((. != 0x0)?0x8:0x1)
 *fill*         0x0000000000005129        0x7 

.lbss
 *(.dynlbss)
 *(.lbss .lbss.* .gnu.linkonce.lb.*)
 *(LARGE_COMMON)
                0x0000000000005130                . = ALIGN (0x8)
                0x0000000000005130                . = SEGMENT_START ("ldata-segment", .)

.lrodata
 *(.lrodata .lrodata.* .gnu.linkonce.lr.*)

.ldata          0x0000000000007130        0x0
 *(.ldata .ldata.* .gnu.linkonce.l.*)
                0x0000000000007130                . = ALIGN ((. != 0x0)?0x8:0x1)
                0x0000000000007130                . = ALIGN (0x8)
                0x0000000000005130                _end = .
                [!provide]                        PROVIDE (end = .)
                0x0000000000007130                . = DATA_SEGMENT_END (.)

.stab
 *(.stab)

.stabstr
 *(.stabstr)

.stab.excl
 *(.stab.excl)

.stab.exclstr
 *(.stab.exclstr)

.stab.index
 *(.stab.index)

.stab.indexstr
 *(.stab.indexstr)

.comment        0x0000000000000000       0x2b
 *(.comment)
 .comment       0x0000000000000000       0x2b /usr/lib/gcc/x86_64-linux-gnu/11/crtbeginS.o
                                         0x2c (size before relaxing)
 .comment       0x000000000000002b       0x2c src/main.o
 .comment       0x000000000000002b       0x2c src/scanner.o
 .comment       0x000000000000002b       0x2c src/token.o
 .comment       0x000000000000002b       0x2c src/lexer.o
 .comment       0x000000000000002b       0x2c src/parser.o
 .comment       0x000000000000002b       0x2c /usr/lib/gcc/x86_64-linux-gnu/11/crtendS.o

.gnu.build.attributes
 *(.gnu.build.attributes .gnu.build.attributes.*)

.debug
 *(.debug)

.line
 *(.line)

.debug_srcinfo
 *(.debug_srcinfo)

.debug_sfnames
 *(.debug_sfnames)

.debug_aranges  0x0000000000000000       0xf0
 *(.debug_aranges)
 .debug_aranges
                0x0000000000000000       0x30 src/main.o
 .debug_aranges
                0x0000000000000030       0x30 src/scanner.o
 .debug_aranges
                0x0000000000000060       0x30 src/token.o
 .debug_aranges
                0x0000000000000090       0x30 src/lexer.o
 .debug_aranges
                0x00000000000000c0       0x30 src/parser.o

.debug_pubnames
 *(.debug_pubnames)

.debug_info     0x0000000000000000     0x1f0f
 *(.debug_info .gnu.linkonce.wi.*)
 .debug_info    0x0000000000000000      0x903 src/main.o
 .debug_info    0x0000000000000903      0x61f src/scanner.o
 .debug_info    0x0000000000000f22      0x329 src/token.o
 .debug_info    0x000000000000124b      0x739 src/lexer.o
 .debug_info    0x0000000000001984      0x58b src/parser.o

.debug_abbrev   0x0000000000000000      0x91a
 *(.debug_abbrev)
 .debug_abbrev  0x0000000000000000      0x1df src/main.o
 .debug_abbrev  0x00000000000001df      0x1c7 src/scanner.o
 .debug_abbrev  0x00000000000003a6      0x1a3 src/token.o
 .debug_abbrev  0x0000000000000549      0x20e src/lexer.o
 .debug_abbrev  0x0000000000000757      0x1c3 src/parser.o

.debug_line     0x0000000000000000      0xb42
 *(.debug_line .debug_line.* .debug_line_end)
 .debug_line    0x0000000000000000      0x238 src/main.o
 .debug_line    0x0000000000000238      0x172 src/scanner.o
 .debug_line    0x00000000000003aa      0x13c src/token.o
 .debug_line    0x00000000000004e6      0x2c2 src/lexer.o
 .debug_line    0x00000000000007a8      0x39a src/parser.o

.debug_frame
 *(.debug_frame)

.debug_str      0x0000000000000000      0x900
 *(.debug_str)
 .debug_str     0x0000000000000000      0x485 src/main.o
                                        0x4fc (size before relaxing)
 .debug_str     0x0000000000000485      0x23d src/scanner.o
                                        0x3f4 (size before relaxing)
 .debug_str     0x00000000000006c2       0x7e src/token.o
                                        0x21d (size before relaxing)
 .debug_str     0x0000000000000740      0x12b src/lexer.o
                                        0x3c5 (size before relaxing)
 .debug_str     0x000000000000086b       0x95 src/parser.o
                                        0x342 (size before relaxing)

.debug_loc
 *(.debug_loc)

.debug_macinfo
 *(.debug_macinfo)

.debug_weaknames
 *(.debug_weaknames)

.debug_funcnames
 *(.debug_funcnames)

.debug_typenames
 *(.debug_typenames)

.debug_varnames
 *(.debug_varnames)

.debug_pubtypes
 *(.debug_pubtypes)

.debug_ranges
 *(.debug_ranges)

.debug_addr
 *(.debug_addr)

.debug_line_str
                0x0000000000000000      0x1cc
 *(.debug_line_str)
 .debug_line_str
                0x0000000000000000      0x149 src/main.o
                                        0x1b0 (size before relaxing)
 .debug_line_str
                0x0000000000000149       0x56 src/scanner.o
                                        0x188 (size before relaxing)
 .debug_line_str
                0x000000000000019f        0xc src/token.o
                                        0x117 (size before relaxing)
 .debug_line_str
                0x00000000000001ab       0x14 src/lexer.o
                                        0x163 (size before relaxing)
 .debug_line_str
                0x00000000000001bf        0xd src/parser.o
                                        0x16d (size before relaxing)

.debug_loclists
 *(.debug_loclists)

.debug_macro
 *(.debug_macro)

.debug_names
 *(.debug_names)

.debug_rnglists
 *(.debug_rnglists)

.debug_str_offsets
 *(.debug_str_offsets)

.debug_sup
 *(.debug_sup)

.gnu.attributes
 *(.gnu.attributes)

/DISCARD/
 *(.note.GNU-stack)
 *(.gnu_debuglink)
 *(.gnu.lto_*)
OUTPUT(bin/VMTranslator elf64-x86-64)
