
Merging program properties


As-needed library included to satisfy reference by file (symbol)

libc.so.6                     src/scanner.o (malloc@@GLIBC_2.2.5)

Discarded input sections

 .note.GNU-stack
                0x0000000000000000        0x0 /usr/lib/gcc/x86_64-linux-gnu/11/../../../x86_64-linux-gnu/Scrt1.o
 .note.gnu.property
                0x0000000000000000       0x20 /usr/lib/gcc/x86_64-linux-gnu/11/../../../x86_64-linux-gnu/crti.o
 .note.GNU-stack
                0x0000000000000000        0x0 /usr/lib/gcc/x86_64-linux-gnu/11/../../../x86_64-linux-gnu/crti.o
 .note.GNU-stack
                0x0000000000000000        0x0 /usr/lib/gcc/x86_64-linux-gnu/11/crtbeginS.o
 .note.gnu.property
                0x0000000000000000       0x20 /usr/lib/gcc/x86_64-linux-gnu/11/crtbeginS.o
 .note.GNU-stack
                0x0000000000000000        0x0 src/main.o
 .note.gnu.property
                0x0000000000000000       0x20 src/main.o
 .note.GNU-stack
                0x0000000000000000        0x0 src/scanner.o
 .note.gnu.property
                0x0000000000000000       0x20 src/scanner.o
 .note.GNU-stack
                0x0000000000000000        0x0 src/token.o
 .note.gnu.property
                0x0000000000000000       0x20 src/token.o
 .note.GNU-stack
                0x0000000000000000        0x0 src/lexer.o
 .note.gnu.property
                0x0000000000000000       0x20 src/lexer.o
 .note.GNU-stack
                0x0000000000000000        0x0 /usr/lib/gcc/x86_64-linux-gnu/11/crtendS.o
 .note.gnu.property
                0x0000000000000000       0x20 /usr/lib/gcc/x86_64-linux-gnu/11/crtendS.o
 .note.gnu.property
                0x0000000000000000       0x20 /usr/lib/gcc/x86_64-linux-gnu/11/../../../x86_64-linux-gnu/crtn.o
 .note.GNU-stack
                0x0000000000000000        0x0 /usr/lib/gcc/x86_64-linux-gnu/11/../../../x86_64-linux-gnu/crtn.o

Memory Configuration

Name             Origin             Length             Attributes
*default*        0x0000000000000000 0xffffffffffffffff

Linker script and memory map

LOAD /usr/lib/gcc/x86_64-linux-gnu/11/../../../x86_64-linux-gnu/Scrt1.o
LOAD /usr/lib/gcc/x86_64-linux-gnu/11/../../../x86_64-linux-gnu/crti.o
LOAD /usr/lib/gcc/x86_64-linux-gnu/11/crtbeginS.o
LOAD src/main.o
LOAD src/scanner.o
LOAD src/token.o
LOAD src/lexer.o
LOAD /usr/lib/gcc/x86_64-linux-gnu/11/libgcc.a
LOAD /usr/lib/gcc/x86_64-linux-gnu/11/libgcc_s.so
START GROUP
LOAD /usr/lib/gcc/x86_64-linux-gnu/11/../../../x86_64-linux-gnu/libgcc_s.so.1
LOAD /usr/lib/gcc/x86_64-linux-gnu/11/libgcc.a
END GROUP
LOAD /usr/lib/gcc/x86_64-linux-gnu/11/../../../x86_64-linux-gnu/libc.so
START GROUP
LOAD /lib/x86_64-linux-gnu/libc.so.6
LOAD /usr/lib/x86_64-linux-gnu/libc_nonshared.a
LOAD /lib64/ld-linux-x86-64.so.2
END GROUP
LOAD /usr/lib/gcc/x86_64-linux-gnu/11/libgcc.a
LOAD /usr/lib/gcc/x86_64-linux-gnu/11/libgcc_s.so
START GROUP
LOAD /usr/lib/gcc/x86_64-linux-gnu/11/../../../x86_64-linux-gnu/libgcc_s.so.1
LOAD /usr/lib/gcc/x86_64-linux-gnu/11/libgcc.a
END GROUP
LOAD /usr/lib/gcc/x86_64-linux-gnu/11/crtendS.o
LOAD /usr/lib/gcc/x86_64-linux-gnu/11/../../../x86_64-linux-gnu/crtn.o
                [!provide]                        PROVIDE (__executable_start = SEGMENT_START ("text-segment", 0x0))
                0x0000000000000318                . = (SEGMENT_START ("text-segment", 0x0) + SIZEOF_HEADERS)

.interp         0x0000000000000318       0x1c
 *(.interp)
 .interp        0x0000000000000318       0x1c /usr/lib/gcc/x86_64-linux-gnu/11/../../../x86_64-linux-gnu/Scrt1.o

.note.gnu.property
                0x0000000000000338       0x30
 .note.gnu.property
                0x0000000000000338       0x30 /usr/lib/gcc/x86_64-linux-gnu/11/../../../x86_64-linux-gnu/Scrt1.o

.note.gnu.build-id
                0x0000000000000368       0x24
 *(.note.gnu.build-id)
 .note.gnu.build-id
                0x0000000000000368       0x24 /usr/lib/gcc/x86_64-linux-gnu/11/../../../x86_64-linux-gnu/Scrt1.o

.note.ABI-tag   0x000000000000038c       0x20
 .note.ABI-tag  0x000000000000038c       0x20 /usr/lib/gcc/x86_64-linux-gnu/11/../../../x86_64-linux-gnu/Scrt1.o

.hash
 *(.hash)

.gnu.hash       0x00000000000003b0       0x24
 *(.gnu.hash)
 .gnu.hash      0x00000000000003b0       0x24 /usr/lib/gcc/x86_64-linux-gnu/11/../../../x86_64-linux-gnu/Scrt1.o

.dynsym         0x00000000000003d8      0x210
 *(.dynsym)
 .dynsym        0x00000000000003d8      0x210 /usr/lib/gcc/x86_64-linux-gnu/11/../../../x86_64-linux-gnu/Scrt1.o

.dynstr         0x00000000000005e8      0x11d
 *(.dynstr)
 .dynstr        0x00000000000005e8      0x11d /usr/lib/gcc/x86_64-linux-gnu/11/../../../x86_64-linux-gnu/Scrt1.o

.gnu.version    0x0000000000000706       0x2c
 *(.gnu.version)
 .gnu.version   0x0000000000000706       0x2c /usr/lib/gcc/x86_64-linux-gnu/11/../../../x86_64-linux-gnu/Scrt1.o

.gnu.version_d  0x0000000000000738        0x0
 *(.gnu.version_d)
 .gnu.version_d
                0x0000000000000738        0x0 /usr/lib/gcc/x86_64-linux-gnu/11/../../../x86_64-linux-gnu/Scrt1.o

.gnu.version_r  0x0000000000000738       0x50
 *(.gnu.version_r)
 .gnu.version_r
                0x0000000000000738       0x50 /usr/lib/gcc/x86_64-linux-gnu/11/../../../x86_64-linux-gnu/Scrt1.o

.rela.dyn       0x0000000000000788      0x2e8
 *(.rela.init)
 *(.rela.text .rela.text.* .rela.gnu.linkonce.t.*)
 *(.rela.fini)
 *(.rela.rodata .rela.rodata.* .rela.gnu.linkonce.r.*)
 *(.rela.data .rela.data.* .rela.gnu.linkonce.d.*)
 .rela.data.rel.ro
                0x0000000000000788        0x0 /usr/lib/gcc/x86_64-linux-gnu/11/../../../x86_64-linux-gnu/Scrt1.o
 .rela.data.rel.local
                0x0000000000000788      0x240 /usr/lib/gcc/x86_64-linux-gnu/11/../../../x86_64-linux-gnu/Scrt1.o
 *(.rela.tdata .rela.tdata.* .rela.gnu.linkonce.td.*)
 *(.rela.tbss .rela.tbss.* .rela.gnu.linkonce.tb.*)
 *(.rela.ctors)
 *(.rela.dtors)
 *(.rela.got)
 .rela.got      0x00000000000009c8       0x78 /usr/lib/gcc/x86_64-linux-gnu/11/../../../x86_64-linux-gnu/Scrt1.o
 *(.rela.bss .rela.bss.* .rela.gnu.linkonce.b.*)
 .rela.bss      0x0000000000000a40        0x0 /usr/lib/gcc/x86_64-linux-gnu/11/../../../x86_64-linux-gnu/Scrt1.o
 *(.rela.ldata .rela.ldata.* .rela.gnu.linkonce.l.*)
 *(.rela.lbss .rela.lbss.* .rela.gnu.linkonce.lb.*)
 *(.rela.lrodata .rela.lrodata.* .rela.gnu.linkonce.lr.*)
 *(.rela.ifunc)
 .rela.ifunc    0x0000000000000a40        0x0 /usr/lib/gcc/x86_64-linux-gnu/11/../../../x86_64-linux-gnu/Scrt1.o
 .rela.fini_array
                0x0000000000000a40       0x18 /usr/lib/gcc/x86_64-linux-gnu/11/../../../x86_64-linux-gnu/Scrt1.o
 .rela.init_array
                0x0000000000000a58       0x18 /usr/lib/gcc/x86_64-linux-gnu/11/../../../x86_64-linux-gnu/Scrt1.o

.rela.plt       0x0000000000000a70      0x180
 *(.rela.plt)
 .rela.plt      0x0000000000000a70      0x180 /usr/lib/gcc/x86_64-linux-gnu/11/../../../x86_64-linux-gnu/Scrt1.o
 *(.rela.iplt)

.relr.dyn
 *(.relr.dyn)
                0x0000000000001000                . = ALIGN (CONSTANT (MAXPAGESIZE))

.init           0x0000000000001000       0x1b
 *(SORT_NONE(.init))
 .init          0x0000000000001000       0x16 /usr/lib/gcc/x86_64-linux-gnu/11/../../../x86_64-linux-gnu/crti.o
                0x0000000000001000                _init
 .init          0x0000000000001016        0x5 /usr/lib/gcc/x86_64-linux-gnu/11/../../../x86_64-linux-gnu/crtn.o

.plt            0x0000000000001020      0x110
 *(.plt)
 .plt           0x0000000000001020      0x110 /usr/lib/gcc/x86_64-linux-gnu/11/../../../x86_64-linux-gnu/Scrt1.o
 *(.iplt)

.plt.got        0x0000000000001130       0x10
 *(.plt.got)
 .plt.got       0x0000000000001130       0x10 /usr/lib/gcc/x86_64-linux-gnu/11/../../../x86_64-linux-gnu/Scrt1.o
                0x0000000000001130                __cxa_finalize@@GLIBC_2.2.5

.plt.sec        0x0000000000001140      0x100
 *(.plt.sec)
 .plt.sec       0x0000000000001140      0x100 /usr/lib/gcc/x86_64-linux-gnu/11/../../../x86_64-linux-gnu/Scrt1.o
                0x0000000000001140                free@@GLIBC_2.2.5
                0x0000000000001150                putchar@@GLIBC_2.2.5
                0x0000000000001160                strcpy@@GLIBC_2.2.5
                0x0000000000001170                puts@@GLIBC_2.2.5
                0x0000000000001180                fread@@GLIBC_2.2.5
                0x0000000000001190                fclose@@GLIBC_2.2.5
                0x00000000000011a0                strlen@@GLIBC_2.2.5
                0x00000000000011b0                __stack_chk_fail@@GLIBC_2.4
                0x00000000000011c0                printf@@GLIBC_2.2.5
                0x00000000000011d0                __assert_fail@@GLIBC_2.2.5
                0x00000000000011e0                strcmp@@GLIBC_2.2.5
                0x00000000000011f0                ftell@@GLIBC_2.2.5
                0x0000000000001200                malloc@@GLIBC_2.2.5
                0x0000000000001210                fseek@@GLIBC_2.2.5
                0x0000000000001220                fopen@@GLIBC_2.2.5
                0x0000000000001230                __ctype_b_loc@@GLIBC_2.3

.text           0x0000000000001240      0xe9a
 *(.text.unlikely .text.*_unlikely .text.unlikely.*)
 *(.text.exit .text.exit.*)
 *(.text.startup .text.startup.*)
 *(.text.hot .text.hot.*)
 *(SORT_BY_NAME(.text.sorted.*))
 *(.text .stub .text.* .gnu.linkonce.t.*)
 .text          0x0000000000001240       0x26 /usr/lib/gcc/x86_64-linux-gnu/11/../../../x86_64-linux-gnu/Scrt1.o
                0x0000000000001240                _start
 .text          0x0000000000001266        0x0 /usr/lib/gcc/x86_64-linux-gnu/11/../../../x86_64-linux-gnu/crti.o
 *fill*         0x0000000000001266        0xa 
 .text          0x0000000000001270       0xb9 /usr/lib/gcc/x86_64-linux-gnu/11/crtbeginS.o
 .text          0x0000000000001329       0xd3 src/main.o
                0x0000000000001329                main
 .text          0x00000000000013fc      0x297 src/scanner.o
                0x00000000000013fc                scanner_create
                0x0000000000001551                scanner_get_next
                0x0000000000001576                scanner_at_end
                0x00000000000015c1                scanner_print
                0x0000000000001621                scanner_destroy
                0x0000000000001657                scanner_position
                0x000000000000167a                scanner_peek_next
 .text          0x0000000000001693      0x1ad src/token.o
                0x0000000000001693                token_create
                0x0000000000001709                token_map_type_to_text
                0x000000000000175f                token_map_text_to_type
                0x00000000000017c1                token_destroy
                0x00000000000017f7                token_print
 .text          0x0000000000001840      0x89a src/lexer.o
                0x0000000000001840                lexer_create
                0x000000000000186f                lexer_ignore_whitespace
                0x00000000000018cd                lexer_ignore_comment
                0x000000000000198e                lexer_read
                0x000000000000206b                lexer_print
                0x000000000000208d                lexer_is_whitespace_or_comment
 .text          0x00000000000020da        0x0 /usr/lib/gcc/x86_64-linux-gnu/11/crtendS.o
 .text          0x00000000000020da        0x0 /usr/lib/gcc/x86_64-linux-gnu/11/../../../x86_64-linux-gnu/crtn.o
 *(.gnu.warning)

.fini           0x00000000000020dc        0xd
 *(SORT_NONE(.fini))
 .fini          0x00000000000020dc        0x8 /usr/lib/gcc/x86_64-linux-gnu/11/../../../x86_64-linux-gnu/crti.o
                0x00000000000020dc                _fini
 .fini          0x00000000000020e4        0x5 /usr/lib/gcc/x86_64-linux-gnu/11/../../../x86_64-linux-gnu/crtn.o
                [!provide]                        PROVIDE (__etext = .)
                [!provide]                        PROVIDE (_etext = .)
                [!provide]                        PROVIDE (etext = .)
                0x0000000000003000                . = ALIGN (CONSTANT (MAXPAGESIZE))
                0x0000000000003000                . = SEGMENT_START ("rodata-segment", (ALIGN (CONSTANT (MAXPAGESIZE)) + (. & (CONSTANT (MAXPAGESIZE) - 0x1))))

.rodata         0x0000000000003000       0xe7
 *(.rodata .rodata.* .gnu.linkonce.r.*)
 .rodata.cst4   0x0000000000003000        0x4 /usr/lib/gcc/x86_64-linux-gnu/11/../../../x86_64-linux-gnu/Scrt1.o
                0x0000000000003000                _IO_stdin_used
 .rodata        0x0000000000003004       0x1a src/main.o
 *fill*         0x000000000000301e        0x2 
 .rodata        0x0000000000003020       0x2e src/scanner.o
 *fill*         0x000000000000304e        0x2 
 .rodata        0x0000000000003050       0x7b src/token.o
 .rodata        0x00000000000030cb       0x1c src/lexer.o

.rodata1
 *(.rodata1)

.eh_frame_hdr   0x00000000000030e8       0xc4
 *(.eh_frame_hdr)
 .eh_frame_hdr  0x00000000000030e8       0xc4 /usr/lib/gcc/x86_64-linux-gnu/11/../../../x86_64-linux-gnu/Scrt1.o
                0x00000000000030e8                __GNU_EH_FRAME_HDR
 *(.eh_frame_entry .eh_frame_entry.*)

.eh_frame       0x00000000000031b0      0x2ec
 *(.eh_frame)
 .eh_frame      0x00000000000031b0       0x30 /usr/lib/gcc/x86_64-linux-gnu/11/../../../x86_64-linux-gnu/Scrt1.o
                                         0x2c (size before relaxing)
 *fill*         0x00000000000031e0        0x0 
 .eh_frame      0x00000000000031e0       0x28 /usr/lib/gcc/x86_64-linux-gnu/11/../../../x86_64-linux-gnu/Scrt1.o
                                         0x40 (size before relaxing)
 .eh_frame      0x0000000000003208       0x18 /usr/lib/gcc/x86_64-linux-gnu/11/../../../x86_64-linux-gnu/Scrt1.o
                                         0x30 (size before relaxing)
 .eh_frame      0x0000000000003220       0x18 /usr/lib/gcc/x86_64-linux-gnu/11/../../../x86_64-linux-gnu/Scrt1.o
                                         0x30 (size before relaxing)
 .eh_frame      0x0000000000003238       0x20 src/main.o
                                         0x38 (size before relaxing)
 .eh_frame      0x0000000000003258       0xe0 src/scanner.o
                                         0xf8 (size before relaxing)
 .eh_frame      0x0000000000003338       0xa0 src/token.o
                                         0xb8 (size before relaxing)
 .eh_frame      0x00000000000033d8       0xc0 src/lexer.o
                                         0xd8 (size before relaxing)
 .eh_frame      0x0000000000003498        0x4 /usr/lib/gcc/x86_64-linux-gnu/11/crtendS.o
 *(.eh_frame.*)

.gcc_except_table
 *(.gcc_except_table .gcc_except_table.*)

.gnu_extab
 *(.gnu_extab*)

.exception_ranges
 *(.exception_ranges*)
                0x0000000000004d40                . = DATA_SEGMENT_ALIGN (CONSTANT (MAXPAGESIZE), CONSTANT (COMMONPAGESIZE))

.eh_frame
 *(.eh_frame)
 *(.eh_frame.*)

.gnu_extab
 *(.gnu_extab)

.gcc_except_table
 *(.gcc_except_table .gcc_except_table.*)

.exception_ranges
 *(.exception_ranges*)

.tdata          0x0000000000004d40        0x0
                [!provide]                        PROVIDE (__tdata_start = .)
 *(.tdata .tdata.* .gnu.linkonce.td.*)

.tbss
 *(.tbss .tbss.* .gnu.linkonce.tb.*)
 *(.tcommon)

.preinit_array  0x0000000000004d40        0x0
                [!provide]                        PROVIDE (__preinit_array_start = .)
 *(.preinit_array)
                [!provide]                        PROVIDE (__preinit_array_end = .)

.init_array     0x0000000000004d40        0x8
                [!provide]                        PROVIDE (__init_array_start = .)
 *(SORT_BY_INIT_PRIORITY(.init_array.*) SORT_BY_INIT_PRIORITY(.ctors.*))
 *(.init_array EXCLUDE_FILE(*crtend?.o *crtend.o *crtbegin?.o *crtbegin.o) .ctors)
 .init_array    0x0000000000004d40        0x8 /usr/lib/gcc/x86_64-linux-gnu/11/crtbeginS.o
                [!provide]                        PROVIDE (__init_array_end = .)

.fini_array     0x0000000000004d48        0x8
                [!provide]                        PROVIDE (__fini_array_start = .)
 *(SORT_BY_INIT_PRIORITY(.fini_array.*) SORT_BY_INIT_PRIORITY(.dtors.*))
 *(.fini_array EXCLUDE_FILE(*crtend?.o *crtend.o *crtbegin?.o *crtbegin.o) .dtors)
 .fini_array    0x0000000000004d48        0x8 /usr/lib/gcc/x86_64-linux-gnu/11/crtbeginS.o
                [!provide]                        PROVIDE (__fini_array_end = .)

.ctors
 *crtbegin.o(.ctors)
 *crtbegin?.o(.ctors)
 *(EXCLUDE_FILE(*crtend?.o *crtend.o) .ctors)
 *(SORT_BY_NAME(.ctors.*))
 *(.ctors)

.dtors
 *crtbegin.o(.dtors)
 *crtbegin?.o(.dtors)
 *(EXCLUDE_FILE(*crtend?.o *crtend.o) .dtors)
 *(SORT_BY_NAME(.dtors.*))
 *(.dtors)

.jcr
 *(.jcr)

.data.rel.ro    0x0000000000004d50        0x0
 *(.data.rel.ro.local* .gnu.linkonce.d.rel.ro.local.*)
 *(.data.rel.ro .data.rel.ro.* .gnu.linkonce.d.rel.ro.*)
 .data.rel.ro   0x0000000000004d50        0x0 /usr/lib/gcc/x86_64-linux-gnu/11/../../../x86_64-linux-gnu/Scrt1.o

.dynamic        0x0000000000004d50      0x1f0
 *(.dynamic)
 .dynamic       0x0000000000004d50      0x1f0 /usr/lib/gcc/x86_64-linux-gnu/11/../../../x86_64-linux-gnu/Scrt1.o
                0x0000000000004d50                _DYNAMIC

.got            0x0000000000004f40       0xc0
 *(.got.plt)
 .got.plt       0x0000000000004f40       0x98 /usr/lib/gcc/x86_64-linux-gnu/11/../../../x86_64-linux-gnu/Scrt1.o
                0x0000000000004f40                _GLOBAL_OFFSET_TABLE_
 *(.igot.plt)
 *(.got)
 .got           0x0000000000004fd8       0x28 /usr/lib/gcc/x86_64-linux-gnu/11/../../../x86_64-linux-gnu/Scrt1.o
 *(.igot)
                0x0000000000005000                . = DATA_SEGMENT_RELRO_END (., 0x0)

.data           0x0000000000005000       0xd8
 *(.data .data.* .gnu.linkonce.d.*)
 .data          0x0000000000005000        0x4 /usr/lib/gcc/x86_64-linux-gnu/11/../../../x86_64-linux-gnu/Scrt1.o
                0x0000000000005000                data_start
                0x0000000000005000                __data_start
 .data          0x0000000000005004        0x0 /usr/lib/gcc/x86_64-linux-gnu/11/../../../x86_64-linux-gnu/crti.o
 .data          0x0000000000005004        0x0 /usr/lib/gcc/x86_64-linux-gnu/11/crtbeginS.o
 *fill*         0x0000000000005004        0x4 
 .data.rel.local
                0x0000000000005008        0x8 /usr/lib/gcc/x86_64-linux-gnu/11/crtbeginS.o
                0x0000000000005008                __dso_handle
 .data          0x0000000000005010        0x0 src/main.o
 .data          0x0000000000005010        0x0 src/scanner.o
 .data          0x0000000000005010        0x4 src/token.o
                0x0000000000005010                token_type_map_size
 *fill*         0x0000000000005014        0xc 
 .data.rel.local
                0x0000000000005020       0xb8 src/token.o
                0x0000000000005020                token_type_map
 .data          0x00000000000050d8        0x0 src/lexer.o
 .data          0x00000000000050d8        0x0 /usr/lib/gcc/x86_64-linux-gnu/11/crtendS.o
 .data          0x00000000000050d8        0x0 /usr/lib/gcc/x86_64-linux-gnu/11/../../../x86_64-linux-gnu/crtn.o

.tm_clone_table
                0x00000000000050d8        0x0
 .tm_clone_table
                0x00000000000050d8        0x0 /usr/lib/gcc/x86_64-linux-gnu/11/crtbeginS.o
 .tm_clone_table
                0x00000000000050d8        0x0 /usr/lib/gcc/x86_64-linux-gnu/11/crtendS.o

.data1
 *(.data1)
                0x00000000000050d8                _edata = .
                [!provide]                        PROVIDE (edata = .)
                0x00000000000050d8                . = .
                0x00000000000050d8                __bss_start = .

.bss            0x00000000000050d8        0x8
 *(.dynbss)
 .dynbss        0x00000000000050d8        0x0 /usr/lib/gcc/x86_64-linux-gnu/11/../../../x86_64-linux-gnu/Scrt1.o
 *(.bss .bss.* .gnu.linkonce.b.*)
 .bss           0x00000000000050d8        0x0 /usr/lib/gcc/x86_64-linux-gnu/11/../../../x86_64-linux-gnu/Scrt1.o
 .bss           0x00000000000050d8        0x0 /usr/lib/gcc/x86_64-linux-gnu/11/../../../x86_64-linux-gnu/crti.o
 .bss           0x00000000000050d8        0x1 /usr/lib/gcc/x86_64-linux-gnu/11/crtbeginS.o
 .bss           0x00000000000050d9        0x0 src/main.o
 .bss           0x00000000000050d9        0x0 src/scanner.o
 .bss           0x00000000000050d9        0x0 src/token.o
 .bss           0x00000000000050d9        0x0 src/lexer.o
 .bss           0x00000000000050d9        0x0 /usr/lib/gcc/x86_64-linux-gnu/11/crtendS.o
 .bss           0x00000000000050d9        0x0 /usr/lib/gcc/x86_64-linux-gnu/11/../../../x86_64-linux-gnu/crtn.o
 *(COMMON)
                0x00000000000050e0                . = ALIGN ((. != 0x0)?0x8:0x1)
 *fill*         0x00000000000050d9        0x7 

.lbss
 *(.dynlbss)
 *(.lbss .lbss.* .gnu.linkonce.lb.*)
 *(LARGE_COMMON)
                0x00000000000050e0                . = ALIGN (0x8)
                0x00000000000050e0                . = SEGMENT_START ("ldata-segment", .)

.lrodata
 *(.lrodata .lrodata.* .gnu.linkonce.lr.*)

.ldata          0x00000000000070e0        0x0
 *(.ldata .ldata.* .gnu.linkonce.l.*)
                0x00000000000070e0                . = ALIGN ((. != 0x0)?0x8:0x1)
                0x00000000000070e0                . = ALIGN (0x8)
                0x00000000000050e0                _end = .
                [!provide]                        PROVIDE (end = .)
                0x00000000000070e0                . = DATA_SEGMENT_END (.)

.stab
 *(.stab)

.stabstr
 *(.stabstr)

.stab.excl
 *(.stab.excl)

.stab.exclstr
 *(.stab.exclstr)

.stab.index
 *(.stab.index)

.stab.indexstr
 *(.stab.indexstr)

.comment        0x0000000000000000       0x2b
 *(.comment)
 .comment       0x0000000000000000       0x2b /usr/lib/gcc/x86_64-linux-gnu/11/crtbeginS.o
                                         0x2c (size before relaxing)
 .comment       0x000000000000002b       0x2c src/main.o
 .comment       0x000000000000002b       0x2c src/scanner.o
 .comment       0x000000000000002b       0x2c src/token.o
 .comment       0x000000000000002b       0x2c src/lexer.o
 .comment       0x000000000000002b       0x2c /usr/lib/gcc/x86_64-linux-gnu/11/crtendS.o

.gnu.build.attributes
 *(.gnu.build.attributes .gnu.build.attributes.*)

.debug
 *(.debug)

.line
 *(.line)

.debug_srcinfo
 *(.debug_srcinfo)

.debug_sfnames
 *(.debug_sfnames)

.debug_aranges  0x0000000000000000       0xc0
 *(.debug_aranges)
 .debug_aranges
                0x0000000000000000       0x30 src/main.o
 .debug_aranges
                0x0000000000000030       0x30 src/scanner.o
 .debug_aranges
                0x0000000000000060       0x30 src/token.o
 .debug_aranges
                0x0000000000000090       0x30 src/lexer.o

.debug_pubnames
 *(.debug_pubnames)

.debug_info     0x0000000000000000     0x11ba
 *(.debug_info .gnu.linkonce.wi.*)
 .debug_info    0x0000000000000000      0x2f7 src/main.o
 .debug_info    0x00000000000002f7      0x5ae src/scanner.o
 .debug_info    0x00000000000008a5      0x3a2 src/token.o
 .debug_info    0x0000000000000c47      0x573 src/lexer.o

.debug_abbrev   0x0000000000000000      0x624
 *(.debug_abbrev)
 .debug_abbrev  0x0000000000000000      0x122 src/main.o
 .debug_abbrev  0x0000000000000122      0x1aa src/scanner.o
 .debug_abbrev  0x00000000000002cc      0x1a3 src/token.o
 .debug_abbrev  0x000000000000046f      0x1b5 src/lexer.o

.debug_line     0x0000000000000000      0x512
 *(.debug_line .debug_line.* .debug_line_end)
 .debug_line    0x0000000000000000       0xa1 src/main.o
 .debug_line    0x00000000000000a1      0x158 src/scanner.o
 .debug_line    0x00000000000001f9       0xf0 src/token.o
 .debug_line    0x00000000000002e9      0x229 src/lexer.o

.debug_frame
 *(.debug_frame)

.debug_str      0x0000000000000000      0x588
 *(.debug_str)
 .debug_str     0x0000000000000000      0x205 src/main.o
                                        0x246 (size before relaxing)
 .debug_str     0x0000000000000205      0x234 src/scanner.o
                                        0x3c8 (size before relaxing)
 .debug_str     0x0000000000000439       0x81 src/token.o
                                        0x235 (size before relaxing)
 .debug_str     0x00000000000004ba       0xce src/lexer.o
                                        0x336 (size before relaxing)

.debug_loc
 *(.debug_loc)

.debug_macinfo
 *(.debug_macinfo)

.debug_weaknames
 *(.debug_weaknames)

.debug_funcnames
 *(.debug_funcnames)

.debug_typenames
 *(.debug_typenames)

.debug_varnames
 *(.debug_varnames)

.debug_pubtypes
 *(.debug_pubtypes)

.debug_ranges
 *(.debug_ranges)

.debug_addr
 *(.debug_addr)

.debug_line_str
                0x0000000000000000      0x166
 *(.debug_line_str)
 .debug_line_str
                0x0000000000000000       0xa6 src/main.o
                                        0x107 (size before relaxing)
 .debug_line_str
                0x00000000000000a6       0x97 src/scanner.o
                                        0x190 (size before relaxing)
 .debug_line_str
                0x000000000000013d       0x15 src/token.o
                                        0x11f (size before relaxing)
 .debug_line_str
                0x0000000000000152       0x14 src/lexer.o
                                        0x128 (size before relaxing)

.debug_loclists
 *(.debug_loclists)

.debug_macro
 *(.debug_macro)

.debug_names
 *(.debug_names)

.debug_rnglists
 *(.debug_rnglists)

.debug_str_offsets
 *(.debug_str_offsets)

.debug_sup
 *(.debug_sup)

.gnu.attributes
 *(.gnu.attributes)

/DISCARD/
 *(.note.GNU-stack)
 *(.gnu_debuglink)
 *(.gnu.lto_*)
OUTPUT(bin/assembler elf64-x86-64)
